DEBUG tests/list_tests.c:100: ----- RUNNING: ./tests/list_tests
DEBUG tests/list_tests.c:90: 
----- test_create
DEBUG tests/list_tests.c:91: 
----- test_push_pop
DEBUG tests/list_tests.c:92: 
----- test_unshift
DEBUG tests/list_tests.c:93: 
----- test_remove
DEBUG tests/list_tests.c:94: 
----- test_shift
DEBUG tests/list_tests.c:95: 
----- test_destroy
DEBUG tests/list_tests.c:100: ----- RUNNING: ./tests/list_tests
DEBUG tests/list_tests.c:90: 
----- test_create
DEBUG tests/list_tests.c:91: 
----- test_push_pop
DEBUG tests/list_tests.c:92: 
----- test_unshift
DEBUG tests/list_tests.c:93: 
----- test_remove
DEBUG tests/list_tests.c:94: 
----- test_shift
DEBUG tests/list_tests.c:95: 
----- test_destroy
DEBUG tests/list_tests.c:100: ----- RUNNING: ./tests/list_tests.out
DEBUG tests/list_tests.c:90: 
----- test_create
DEBUG tests/list_tests.c:91: 
----- test_push_pop
DEBUG tests/list_tests.c:92: 
----- test_unshift
DEBUG tests/list_tests.c:93: 
----- test_remove
DEBUG tests/list_tests.c:94: 
----- test_shift
DEBUG tests/list_tests.c:95: 
----- test_destroy
DEBUG tests/list_tests.c:100: ----- RUNNING: ./tests/list_tests.out
DEBUG tests/list_tests.c:90: 
----- test_create
DEBUG tests/list_tests.c:91: 
----- test_push_pop
DEBUG tests/list_tests.c:92: 
----- test_unshift
DEBUG tests/list_tests.c:93: 
----- test_remove
DEBUG tests/list_tests.c:94: 
----- test_shift
DEBUG tests/list_tests.c:95: 
----- test_destroy
DEBUG tests/list_tests.c:100: ----- RUNNING: ./tests/list_tests.out
DEBUG tests/list_tests.c:90: 
----- test_create
DEBUG tests/list_tests.c:91: 
----- test_push_pop
DEBUG tests/list_tests.c:92: 
----- test_unshift
DEBUG tests/list_tests.c:93: 
----- test_remove
DEBUG tests/list_tests.c:94: 
----- test_shift
DEBUG tests/list_tests.c:95: 
----- test_destroy
